PS C:\xampp\htdocs\MVC_Gastos> git init
Initialized empty Git repository in C:/xampp/htdocs/MVC_Gastos/.git/
PS C:\xampp\htdocs\MVC_Gastos> git status

No commits yet

Untracked files:
  (use "git add <file>..." to include in what will be committed)
        Categorias/
        Gastos/
        docs/

nothing added to commit but untracked files present (use "git add" to track)
PS C:\xampp\htdocs\MVC_Gastos> git commit -m "first commit"
Author identity unknown

*** Please tell me who you are.

  git config --global user.email "you@example.com"
  git config --global user.name "Your Name"

fatal: unable to auto-detect email address (got 'USUARIO@DESKTOP-ENGFE1T.(none)')
PS C:\xampp\htdocs\MVC_Gastos> git remote add origin https://github.com/alan297/GerenciaRepositorio.git
PS C:\xampp\htdocs\MVC_Gastos> git push -u origin master
error: src refspec master does not match any
error: failed to push some refs to 'https://github.com/alan297/GerenciaRepositorio.git'       
PS C:\xampp\htdocs\MVC_Gastos> git config --global user.email "alandanielsantoslopez7@gmail.com"
PS C:\xampp\htdocs\MVC_Gastos> git config --global user.name "alan297"  
PS C:\xampp\htdocs\MVC_Gastos> git commit -m "first commit"

Initial commit

Untracked files:
  (use "git add <file>..." to include in what will be committed)
        Categorias/
        Gastos/
        docs/

nothing added to commit but untracked files present (use "git add" to track)
PS C:\xampp\htdocs\MVC_Gastos> git add .
PS C:\xampp\htdocs\MVC_Gastos> git commit -m "firsst commit"
[master (root-commit) 6f907ed] firsst commit
 12 files changed, 784 insertions(+)
 create mode 100644 Categorias/controller/CactualizarCategoria.php
 create mode 100644 Categorias/controller/CinsertarCategoria.php  
 create mode 100644 Categorias/model/conexion.php
 create mode 100644 Gastos/controller/CinsertarGasto.php
 create mode 100644 Gastos/index.php
 create mode 100644 Gastos/model/GastoModel.php
 create mode 100644 Gastos/model/conexion.php
 create mode 100644 Gastos/view/VformularioGastos.php
 create mode 100644 Gastos/view/VhistorialGastos.php
 create mode 100644 docs/bdgerencia.sql
PS C:\xampp\htdocs\MVC_Gastos> git remote add origin https://github.com/alan297/GerenciaRepositorio.git
error: remote origin already exists.
PS C:\xampp\htdocs\MVC_Gastos> git push -u origin master